com.hedera.hashgraph.sdk.AccountIdTest.matchesSnap=[
  {
    "memoizedHashCode": 0,
    "unknownFields": {
      "count": 0,
      "tags": [ ],
      "objects": [ ],
      "memoizedSerializedSize": 0,
      "isMutable": false
    },
    "memoizedSerializedSize": -1,
    "shardNum_": 0,
    "realmNum_": 0,
    "accountNum_": 5005,
    "initialized": true
  }
]