com.hedera.hashgraph.sdk.AccountAllowanceDeleteTransactionTest.shouldSerialize=[
  "# com.hedera.hashgraph.sdk.proto.TransactionBody\ncrypto_delete_allowance {\n  nft_allowances {\n    owner {\n      account_num: 7\n      realm_num: 6\n      shard_num: 5\n    }\n    serial_numbers: 123\n    serial_numbers: 456\n    serial_numbers: 789\n    token_id {\n      realm_num: 4\n      shard_num: 4\n      token_num: 4\n    }\n  }\n  nft_allowances {\n    owner {\n      account_num: 7\n      realm_num: 6\n      shard_num: 5\n    }\n    serial_numbers: 456\n    token_id {\n      realm_num: 8\n      shard_num: 8\n      token_num: 8\n    }\n  }\n}\nnode_account_i_d {\n  account_num: 5005\n  realm_num: 0\n  shard_num: 0\n}\ntransaction_fee: 100000\ntransaction_i_d {\n  account_i_d {\n    account_num: 5006\n    realm_num: 0\n    shard_num: 0\n  }\n  transaction_valid_start {\n    seconds: 1554158542\n  }\n}\ntransaction_valid_duration {\n  seconds: 120\n}"
]