com.hedera.hashgraph.sdk.AccountIdTest.fromBytes=[
  "0.0.5005"
]


com.hedera.hashgraph.sdk.AccountIdTest.fromBytesAlias=[
  "0.0.302a300506032b6570032100114e6abc371b82dab5c15ea149f02d34a012087b163516dd70f44acafabf7777"
]


com.hedera.hashgraph.sdk.AccountIdTest.fromSolidityAddress=[
  "0.0.5005"
]


com.hedera.hashgraph.sdk.AccountIdTest.fromSolidityAddressWith0x=[
  "0.0.5005"
]


com.hedera.hashgraph.sdk.AccountIdTest.fromString=[
  "0.0.5005"
]


com.hedera.hashgraph.sdk.AccountIdTest.fromStringWithAliasKey=[
  {
    "shard": 0,
    "realm": 0,
    "num": 0,
    "aliasKey": {
      "keyData": "EU5qvDcbgtq1wV6hSfAtNKASCHsWNRbdcPRKyvq/d3c=",
      "ecdsa": false,
      "ed25519": true
    }
  }
]


com.hedera.hashgraph.sdk.AccountIdTest.fromStringWithChecksumOnMainnet=[
  "0.0.123-vfmkw"
]


com.hedera.hashgraph.sdk.AccountIdTest.fromStringWithChecksumOnPreviewnet=[
  "0.0.123-ogizo"
]


com.hedera.hashgraph.sdk.AccountIdTest.fromStringWithChecksumOnTestnet=[
  "0.0.123-esxsf"
]


com.hedera.hashgraph.sdk.AccountIdTest.toBytes=[
  "188d27"
]


com.hedera.hashgraph.sdk.AccountIdTest.toBytesAlias=[
  "22221220114e6abc371b82dab5c15ea149f02d34a012087b163516dd70f44acafabf7777"
]


com.hedera.hashgraph.sdk.AccountIdTest.toSolidityAddress=[
  "000000000000000000000000000000000000138d"
]
