com.hedera.hashgraph.sdk.AccountDeleteTransactionTest.shouldSerialize=[
  "\nsig_map {\n  sig_pair {\n    ed25519: \"\\034\\210\\271\\226\\350\\027U\\324\\325\\270\\300\\363\\270J\\220\\f\\313\\333\\0178\\b\\227$\\376\\361\\361\\200\\344\\202\\373\\\"21\\023\\252S\\322\\377T\\325\\\"~j\\354\\004\\242\\211\\26641\\246L\\276&\\271*[\\371\\205\\262s\\201\\342\\001\"\n    pub_key_prefix: \"\\340\\310\\354\\'X\\245\\207\\237\\372\\302&\\241<\\fQky\\236r\\343QA\\240\\335\\202\\217\\224\\323y\\210\\244\\267\"\n  }\n}\n\ncrypto_delete {\n  delete_account_i_d {\n    account_num: 5007\n    realm_num: 0\n    shard_num: 0\n  }\n  transfer_account_i_d {\n    account_num: 5008\n    realm_num: 0\n    shard_num: 0\n  }\n}\nnode_account_i_d {\n  account_num: 5005\n  realm_num: 0\n  shard_num: 0\n}\ntransaction_fee: 100000\ntransaction_i_d {\n  account_i_d {\n    account_num: 5006\n    realm_num: 0\n    shard_num: 0\n  }\n  transaction_valid_start {\n    seconds: 1554158542\n  }\n}\ntransaction_valid_duration {\n  seconds: 120\n}"
]