com.hedera.hashgraph.sdk.AccountIdTest.fromBytes=[
  "0.0.5005"
]


com.hedera.hashgraph.sdk.AccountIdTest.fromSolidityAddress=[
  "0.0.5005"
]


com.hedera.hashgraph.sdk.AccountIdTest.fromSolidityAddressWith0x=[
  "0.0.5005"
]


com.hedera.hashgraph.sdk.AccountIdTest.fromString=[
  "0.0.5005"
]


com.hedera.hashgraph.sdk.AccountIdTest.fromStringWithChecksumOnMainnet=[
  "0.0.123-vfmkw"
]


com.hedera.hashgraph.sdk.AccountIdTest.fromStringWithChecksumOnPreviewnet=[
  "0.0.123-ntjly"
]


com.hedera.hashgraph.sdk.AccountIdTest.fromStringWithChecksumOnTestnet=[
  "0.0.123-rmkyk"
]


com.hedera.hashgraph.sdk.AccountIdTest.toBytes=[
  "188d27"
]


com.hedera.hashgraph.sdk.AccountIdTest.toSolidityAddress=[
  "000000000000000000000000000000000000138d"
]