com.hedera.hashgraph.sdk.AccountCreateTransactionTest.shouldSerialize=[
  "# com.hedera.hashgraph.sdk.proto.TransactionBody\ncrypto_create_account {\n  auto_renew_period {\n    seconds: 7776000\n  }\n  initial_balance: 450\n  key {\n    ed25519: \"\\340\\310\\354\\'X\\245\\207\\237\\372\\302&\\241<\\fQky\\236r\\343QA\\240\\335\\202\\217\\224\\323y\\210\\244\\267\"\n  }\n  proxy_account_i_d {\n    account_num: 1001\n    realm_num: 0\n    shard_num: 0\n  }\n  receive_record_threshold: 9223372036854775807\n  receiver_sig_required: true\n  send_record_threshold: 9223372036854775807\n}\nnode_account_i_d {\n  account_num: 5005\n  realm_num: 0\n  shard_num: 0\n}\ntransaction_fee: 100000\ntransaction_i_d {\n  account_i_d {\n    account_num: 5006\n    realm_num: 0\n    shard_num: 0\n  }\n  transaction_valid_start {\n    seconds: 1554158542\n  }\n}\ntransaction_valid_duration {\n  seconds: 120\n}"
]