com.hedera.hashgraph.sdk.ContractCreateTransactionTest.shouldSerialize2=[
  "# com.hedera.hashgraph.sdk.proto.TransactionBody\ncontract_create_instance {\n  admin_key {\n    ed25519: \"\\340\\310\\354\\'X\\245\\207\\237\\372\\302&\\241<\\fQky\\236r\\343QA\\240\\335\\202\\217\\224\\323y\\210\\244\\267\"\n  }\n  auto_renew_period {\n    seconds: 36000\n  }\n  constructor_parameters: \"\\n\\v\\f\\r\\031\"\n  gas: 0\n  initcode: \"\\336\\255\\276\\357\"\n  initial_balance: 1000\n  max_automatic_token_associations: 101\n  proxy_account_i_d {\n    account_num: 456\n    realm_num: 0\n    shard_num: 0\n  }\n}\nnode_account_i_d {\n  account_num: 5005\n  realm_num: 0\n  shard_num: 0\n}\ntransaction_fee: 100000\ntransaction_i_d {\n  account_i_d {\n    account_num: 5006\n    realm_num: 0\n    shard_num: 0\n  }\n  transaction_valid_start {\n    seconds: 1554158542\n  }\n}\ntransaction_valid_duration {\n  seconds: 120\n}"
]


com.hedera.hashgraph.sdk.ContractCreateTransactionTest.shouldSerialize=[
  "# com.hedera.hashgraph.sdk.proto.TransactionBody\ncontract_create_instance {\n  admin_key {\n    ed25519: \"\\340\\310\\354\\'X\\245\\207\\237\\372\\302&\\241<\\fQky\\236r\\343QA\\240\\335\\202\\217\\224\\323y\\210\\244\\267\"\n  }\n  auto_renew_period {\n    seconds: 36000\n  }\n  constructor_parameters: \"\\n\\v\\f\\r\\031\"\n  file_i_d {\n    file_num: 3003\n    realm_num: 0\n    shard_num: 0\n  }\n  gas: 0\n  initial_balance: 1000\n  max_automatic_token_associations: 101\n  proxy_account_i_d {\n    account_num: 456\n    realm_num: 0\n    shard_num: 0\n  }\n}\nnode_account_i_d {\n  account_num: 5005\n  realm_num: 0\n  shard_num: 0\n}\ntransaction_fee: 100000\ntransaction_i_d {\n  account_i_d {\n    account_num: 5006\n    realm_num: 0\n    shard_num: 0\n  }\n  transaction_valid_start {\n    seconds: 1554158542\n  }\n}\ntransaction_valid_duration {\n  seconds: 120\n}"
]