com.hedera.hashgraph.sdk.ContractExecuteTransactionTest.shouldSerialize=[
  "\nsig_map {\n  sig_pair {\n    ed25519: \"\\213\\360\\206H\\021z\\201\\211\\272,\\354\\277v\\271\\236\\314\\203\\302^L\\343D\\266\\263\\215#\\177\\240\\213}:\\245\\351\\307\\345\\321\\177^mQE\\032m\\362\\331|o\\201<r\\2353[\\363\\372\\002\\001\\352\\221H\\005i\\213\\003\"\n    pub_key_prefix: \"\\340\\310\\354\\'X\\245\\207\\237\\372\\302&\\241<\\fQky\\236r\\343QA\\240\\335\\202\\217\\224\\323y\\210\\244\\267\"\n  }\n}\n\ncontract_call {\n  amount: 1000\n  contract_i_d {\n    contract_num: 5007\n    realm_num: 0\n    shard_num: 0\n  }\n  function_parameters: \"\\030+\\v\"\n  gas: 10\n}\nnode_account_i_d {\n  account_num: 5005\n  realm_num: 0\n  shard_num: 0\n}\ntransaction_fee: 100000\ntransaction_i_d {\n  account_i_d {\n    account_num: 5006\n    realm_num: 0\n    shard_num: 0\n  }\n  transaction_valid_start {\n    seconds: 1554158542\n  }\n}\ntransaction_valid_duration {\n  seconds: 120\n}"
]