com.hedera.hashgraph.sdk.ContractUpdateTransactionTest.shouldSerialize=[
  "# com.hedera.hashgraph.sdk.proto.TransactionBody\ncontract_update_instance {\n  admin_key {\n    ed25519: \"\\340\\310\\354\\'X\\245\\207\\237\\372\\302&\\241<\\fQky\\236r\\343QA\\240\\335\\202\\217\\224\\323y\\210\\244\\267\"\n  }\n  auto_renew_period {\n    seconds: 86400\n  }\n  contract_i_d {\n    contract_num: 5007\n    realm_num: 0\n    shard_num: 0\n  }\n  expiration_time {\n    nanos: 4000000\n    seconds: 0\n  }\n  max_automatic_token_associations {\n    value: 101\n  }\n  memo_wrapper {\n    value: \"3\"\n  }\n  proxy_account_i_d {\n    account_num: 4\n    realm_num: 0\n    shard_num: 0\n  }\n}\nnode_account_i_d {\n  account_num: 5005\n  realm_num: 0\n  shard_num: 0\n}\ntransaction_fee: 100000\ntransaction_i_d {\n  account_i_d {\n    account_num: 5006\n    realm_num: 0\n    shard_num: 0\n  }\n  transaction_valid_start {\n    seconds: 1554158542\n  }\n}\ntransaction_valid_duration {\n  seconds: 120\n}"
]