com.hedera.hashgraph.sdk.ContractUpdateTransactionTest.shouldSerialize=[
  "\nsig_map {\n  sig_pair {\n    ed25519: \"\\024\\003\\266^.,\\377\\251\\036!W\\374\\301\\363\\336\\261\\037\\020\\262\\006\\363}88e\\323\\267\\311\\262\\341[\\222^1\\233%\\337\\324\\237\\301\\006\\234D\\263r\\322\\265Q`\\331\\023\\345,7\\'*\\216\\374\\001\\017\\264\\036D\\006\"\n    pub_key_prefix: \"\\340\\310\\354\\'X\\245\\207\\237\\372\\302&\\241<\\fQky\\236r\\343QA\\240\\335\\202\\217\\224\\323y\\210\\244\\267\"\n  }\n}\n\ncontract_update_instance {\n  contract_i_d {\n    contract_num: 5007\n    realm_num: 0\n    shard_num: 0\n  }\n}\nnode_account_i_d {\n  account_num: 5005\n  realm_num: 0\n  shard_num: 0\n}\ntransaction_fee: 100000\ntransaction_i_d {\n  account_i_d {\n    account_num: 5006\n    realm_num: 0\n    shard_num: 0\n  }\n  transaction_valid_start {\n    seconds: 1554158542\n  }\n}\ntransaction_valid_duration {\n  seconds: 120\n}"
]