com.hedera.hashgraph.sdk.CryptoTransferTransactionTest.shouldSerialize=[
  "TransferTransaction{hbarTransfers=[HbarTransfer{accountId=0.0.5006, amount=-800 tℏ, isApproved=false}, HbarTransfer{accountId=0.0.5007, amount=400 tℏ, isApproved=true}, HbarTransfer{accountId=0.0.5008, amount=400 tℏ, isApproved=false}], tokenTransfers=[TokenTransfer{tokenId=0.0.4, accountId=0.0.5006, amount=-1, expectedDecimals=null, isApproved=true}, TokenTransfer{tokenId=0.0.4, accountId=0.0.5008, amount=1, expectedDecimals=null, isApproved=false}, TokenTransfer{tokenId=0.0.5, accountId=0.0.5006, amount=-800, expectedDecimals=3, isApproved=false}, TokenTransfer{tokenId=0.0.5, accountId=0.0.5007, amount=400, expectedDecimals=3, isApproved=false}, TokenTransfer{tokenId=0.0.5, accountId=0.0.5008, amount=400, expectedDecimals=3, isApproved=false}]}"
]