com.hedera.hashgraph.sdk.DelegateContractIdTest.fromBytes=[
  "0.0.5005"
]


com.hedera.hashgraph.sdk.DelegateContractIdTest.fromSolidityAddress=[
  "0.0.5005"
]


com.hedera.hashgraph.sdk.DelegateContractIdTest.fromSolidityAddressWith0x=[
  "0.0.5005"
]


com.hedera.hashgraph.sdk.DelegateContractIdTest.fromString=[
  "0.0.5005"
]


com.hedera.hashgraph.sdk.DelegateContractIdTest.toBytes=[
  "188d27"
]


com.hedera.hashgraph.sdk.DelegateContractIdTest.toSolidityAddress=[
  "000000000000000000000000000000000000138d"
]