com.hedera.hashgraph.sdk.FileAppendTransactionTest.shouldSerialize=[
  "\nsig_map {\n  sig_pair {\n    ed25519: \"\\225@j\\301\\355\\376\\263\\255V\\276)\\225\\204\\366\\341\\025\\303\\211\\304\\201^\\t\\347\\276\\357%gbWx\\005m>n~W\\276\\031\\b\\240\\373j_\\377\\213\\256\\'\\275r\\276\\360T\\244\\002\\213\\305\\244pn\\027K?2\\017\"\n    pub_key_prefix: \"\\340\\310\\354\\'X\\245\\207\\237\\372\\302&\\241<\\fQky\\236r\\343QA\\240\\335\\202\\217\\224\\323y\\210\\244\\267\"\n  }\n}\n\nfile_append {\n  contents: \"\\001\\002\\003\\004\"\n  file_i_d {\n    file_num: 6006\n    realm_num: 0\n    shard_num: 0\n  }\n}\nnode_account_i_d {\n  account_num: 5005\n  realm_num: 0\n  shard_num: 0\n}\ntransaction_fee: 100000\ntransaction_i_d {\n  account_i_d {\n    account_num: 5006\n    realm_num: 0\n    shard_num: 0\n  }\n  transaction_valid_start {\n    seconds: 1554158542\n  }\n}\ntransaction_valid_duration {\n  seconds: 120\n}"
]