com.hedera.hashgraph.sdk.FileInfoTest.fromBytes=[
  "FileInfo{fileId=0.0.1, size=2, expirationTime=1970-01-01T00:00:00.003Z, isDeleted=true, keys=KeyList{threshold=null, keys=[302a300506032b6570032100e0c8ec2758a5879ffac226a13c0c516b799e72e35141a0dd828f94d37988a4b7]}, fileMemo=, ledgerId=mainnet}"
]


com.hedera.hashgraph.sdk.FileInfoTest.fromProtobuf=[
  "FileInfo{fileId=0.0.1, size=2, expirationTime=1970-01-01T00:00:00.003Z, isDeleted=true, keys=KeyList{threshold=null, keys=[302a300506032b6570032100e0c8ec2758a5879ffac226a13c0c516b799e72e35141a0dd828f94d37988a4b7]}, fileMemo=, ledgerId=mainnet}"
]


com.hedera.hashgraph.sdk.FileInfoTest.toBytes=[
  "0a02180110021a0510c08db70120012a240a221220e0c8ec2758a5879ffac226a13c0c516b799e72e35141a0dd828f94d37988a4b73a0100"
]


com.hedera.hashgraph.sdk.FileInfoTest.toProtobuf=[
  {
    "memoizedHashCode": 0,
    "unknownFields": {
      "count": 0,
      "tags": [ ],
      "objects": [ ],
      "memoizedSerializedSize": 0,
      "isMutable": false
    },
    "memoizedSerializedSize": -1,
    "fileID_": {
      "memoizedHashCode": 0,
      "unknownFields": {
        "count": 0,
        "tags": [ ],
        "objects": [ ],
        "memoizedSerializedSize": 0,
        "isMutable": false
      },
      "memoizedSerializedSize": -1,
      "shardNum_": 0,
      "realmNum_": 0,
      "fileNum_": 1,
      "initialized": true
    },
    "size_": 2,
    "expirationTime_": {
      "memoizedHashCode": 0,
      "unknownFields": {
        "count": 0,
        "tags": [ ],
        "objects": [ ],
        "memoizedSerializedSize": 0,
        "isMutable": false
      },
      "memoizedSerializedSize": -1,
      "seconds_": 0,
      "nanos_": 3000000,
      "initialized": true
    },
    "deleted_": true,
    "keys_": {
      "memoizedHashCode": 0,
      "unknownFields": {
        "count": 0,
        "tags": [ ],
        "objects": [ ],
        "memoizedSerializedSize": 0,
        "isMutable": false
      },
      "memoizedSerializedSize": -1,
      "keys_": [
        {
          "memoizedHashCode": 0,
          "unknownFields": {
            "count": 0,
            "tags": [ ],
            "objects": [ ],
            "memoizedSerializedSize": 0,
            "isMutable": false
          },
          "memoizedSerializedSize": -1,
          "keyCase_": 2,
          "key_": {
            "hash": 0,
            "bytes": "4MjsJ1ilh5/6wiahPAxRa3mecuNRQaDdgo+U03mIpLc=",
            "validUtf8": false,
            "empty": false
          },
          "initialized": true
        }
      ],
      "initialized": true
    },
    "memo_": "",
    "ledgerId_": {
      "hash": 0,
      "bytes": "AA==",
      "validUtf8": true,
      "empty": false
    },
    "initialized": true
  }
]