com.hedera.hashgraph.sdk.FileDeleteTransactionTest.shouldSerialize=[
  "# com.hedera.hashgraph.sdk.proto.Transaction@cc8fcb52\nsig_map {\n  sig_pair {\n    ed25519: \"F\\026\\310\\327\\306\\300S\\323\\316\\272\\277P\\nq~\\003\\201\\326\\325\\364\\037\\246p2:S\\033\\3007\\r\\0343\\367!\\311\\366\\201\\244\\220\\227zSC\\345_\\221\\206\\271w\\027\\244\\311\\027\\374\\220L(\\307\\243\\201\\251\\001p\\016\"\n    pub_key_prefix: \"\\340\\310\\354\\'X\\245\\207\\237\\372\\302&\\241<\\fQky\\236r\\343QA\\240\\335\\202\\217\\224\\323y\\210\\244\\267\"\n  }\n}\n# com.hedera.hashgraph.sdk.proto.TransactionBody@86cc4c40\nfile_delete {\n  file_i_d {\n    file_num: 6006\n    realm_num: 0\n    shard_num: 0\n  }\n}\nnode_account_i_d {\n  account_num: 5005\n  realm_num: 0\n  shard_num: 0\n}\ntransaction_fee: 100000\ntransaction_i_d {\n  account_i_d {\n    account_num: 5006\n    realm_num: 0\n    shard_num: 0\n  }\n  transaction_valid_start {\n    seconds: 1554158542\n  }\n}\ntransaction_valid_duration {\n  seconds: 120\n}"
]