com.hedera.hashgraph.sdk.MirrorNodeContractQueryTest.shouldSerialize=[
  "MirrorNodeContractEstimateGasQuery{contractId=null, contractEvmAddress='0x1234567890abcdef1234567890abcdef12345678', sender=null, senderEvmAddress='0xabcdefabcdefabcdefabcdefabcdefabcdef', callData=[116, 101, 115, 116, 68, 97, 116, 97], value=1000, gasLimit=500000, gasPrice=20, blockNumber=123456}MirrorNodeContractCallQuery{contractId=null, contractEvmAddress='0x1234567890abcdef1234567890abcdef12345678', sender=null, senderEvmAddress='0xabcdefabcdefabcdefabcdefabcdefabcdef', callData=[116, 101, 115, 116, 68, 97, 116, 97], value=1000, gasLimit=500000, gasPrice=20, blockNumber=123456}"
]
