com.hedera.hashgraph.sdk.TokenInfoTest.shouldSerialize=[
  "TokenInfo{tokenId=0.0.48920, name=name, symbol=&, decimals=3, totalSupply=1000, treasuryAccountId=0.0.932, adminKey=null, kycKey=null, freezeKey=null, wipeKey=null, supplyKey=null, feeScheduleKey=null, defaultFreezeStatus=null, defaultKycStatus=null, isDeleted=false, autoRenewAccount=null, autoRenewPeriod=null, expirationTime=null, tokenMemo=memo, customFees=[CustomFixedFee{feeCollectorAccountId=0.0.4322, amount=10, demoninatingTokenId=0.0.483902}, CustomFractionalFee{feeCollectorAccountId=0.0.389042, numerator=3, denominator=7, min=3, max=100, assessmentMethod=INCLUSIVE}], tokenType=FUNGIBLE_COMMON, supplyType=FINITE, maxSupply=1000000}"
]