com.hedera.hashgraph.sdk.TokenMintTransactionTest.shouldSerialize=[
  "# com.hedera.hashgraph.sdk.proto.TransactionBody\nnode_account_i_d {\n  account_num: 5005\n  realm_num: 0\n  shard_num: 0\n}\ntoken_mint {\n  amount: 10\n  token {\n    realm_num: 2\n    shard_num: 4\n    token_num: 0\n  }\n}\ntransaction_fee: 100000000\ntransaction_i_d {\n  account_i_d {\n    account_num: 5006\n    realm_num: 0\n    shard_num: 0\n  }\n  transaction_valid_start {\n    seconds: 1554158542\n  }\n}\ntransaction_valid_duration {\n  seconds: 120\n}"
]


com.hedera.hashgraph.sdk.TokenMintTransactionTest.shouldSerializeMetadata=[
  "# com.hedera.hashgraph.sdk.proto.TransactionBody\nnode_account_i_d {\n  account_num: 5005\n  realm_num: 0\n  shard_num: 0\n}\ntoken_mint {\n  amount: 0\n  metadata: \"\\001\\002\\003\\004\\005\"\n  token {\n    realm_num: 2\n    shard_num: 1\n    token_num: 3\n  }\n}\ntransaction_fee: 100000000\ntransaction_i_d {\n  account_i_d {\n    account_num: 5006\n    realm_num: 0\n    shard_num: 0\n  }\n  transaction_valid_start {\n    seconds: 1554158542\n  }\n}\ntransaction_valid_duration {\n  seconds: 120\n}"
]