com.hedera.hashgraph.sdk.TransactionReceiptQueryTest.shouldSerialize=[
  "# com.hedera.hashgraph.sdk.proto.Query@7ea2072d\ntransaction_get_receipt {\n  header {\n  }\n  transaction_i_d {\n    account_i_d {\n      account_num: 5005\n      realm_num: 0\n      shard_num: 0\n    }\n    transaction_valid_start {\n      seconds: 1554158542\n    }\n  }\n}"
]