org.hiero.sdk.java.DelegateContractIdTest.fromBytes=[
  "0.0.5005"
]


org.hiero.sdk.java.DelegateContractIdTest.fromSolidityAddress=[
  "0.0.5005"
]


org.hiero.sdk.java.DelegateContractIdTest.fromSolidityAddressWith0x=[
  "0.0.5005"
]


org.hiero.sdk.java.DelegateContractIdTest.fromString=[
  "0.0.5005"
]


org.hiero.sdk.java.DelegateContractIdTest.toBytes=[
  "188d27"
]


org.hiero.sdk.java.DelegateContractIdTest.toSolidityAddress=[
  "000000000000000000000000000000000000138d"
]
