org.hiero.sdk.java.FileIdTest.fromBytes=[
  "0.0.5005"
]


org.hiero.sdk.java.FileIdTest.fromSolidityAddress=[
  "0.0.5005"
]


org.hiero.sdk.java.FileIdTest.shouldSerializeFromString=[
  "0.0.5005"
]


org.hiero.sdk.java.FileIdTest.toBytes=[
  "188d27"
]


org.hiero.sdk.java.FileIdTest.toSolidityAddress=[
  "000000000000000000000000000000000000138d"
]
